<div><div><div><a href="./debugger_sexp_html.html#1"><div>&quot;test/test_debug_html.ml&quot;:9:19: foo</div></a></div><ul><li><div><a href="./debugger_sexp_html.html#2"><div>&quot;test/test_debug_html.ml&quot;:10:6: y</div></a></div></li></ul></div></div>

<div><div><div><a href="./debugger_sexp_html.html#3"><div>&quot;test/test_debug_html.ml&quot;:17:19: bar</div></a></div><ul><li><div><a href="./debugger_sexp_html.html#4"><div>&quot;test/test_debug_html.ml&quot;:18:6: y</div></a></div></li></ul></div></div>

<div><div><div><a href="./debugger_sexp_html.html#5"><div>&quot;test/test_debug_html.ml&quot;:23:19: baz</div></a></div><ul><li><div><a href="./debugger_sexp_html.html#6"><div>&quot;test/test_debug_html.ml&quot;:24:17: _yz</div></a></div></li><li><div><a href="./debugger_sexp_html.html#7"><div>&quot;test/test_debug_html.ml&quot;:25:17: _uw</div></a></div></li></ul></div></div>

<div><div><div><a href="./debugger_sexp_html.html#8"><div>&quot;test/test_debug_html.ml&quot;:30:19: lab</div></a></div><ul><li><div><a href="./debugger_sexp_html.html#9"><div>&quot;test/test_debug_html.ml&quot;:31:6: y</div></a></div></li></ul></div></div>

<div><div><div><a href="./debugger_sexp_html.html#10"><div>&quot;test/test_debug_html.ml&quot;:36:24: loop</div></a></div><ul><li><div><div><a href="./debugger_sexp_html.html#11"><div>&quot;test/test_debug_html.ml&quot;:40:8: y</div></a></div><ul><li><div><div><a href="./debugger_sexp_html.html#12"><div>&quot;test/test_debug_html.ml&quot;:36:24: loop</div></a></div><ul><li><div><div><a href="./debugger_sexp_html.html#13"><div>&quot;test/test_debug_html.ml&quot;:40:8: y</div></a></div><ul><li><div><div><a href="./debugger_sexp_html.html#14"><div>&quot;test/test_debug_html.ml&quot;:36:24: loop</div></a></div><ul><li><div><div><a href="./debugger_sexp_html.html#15"><div>&quot;test/test_debug_html.ml&quot;:36:24: loop</div></a></div><ul><li><div><div><a href="./debugger_sexp_html.html#16"><div>&quot;test/test_debug_html.ml&quot;:36:24: loop</div></a></div><ul><li><div><a href="./debugger_sexp_html.html#17"><div>&quot;test/test_debug_html.ml&quot;:36:24: loop</div></a></div></li></ul></div></li></ul></div></li></ul></div></li></ul></div></li><li><div><div><a href="./debugger_sexp_html.html#18"><div>&quot;test/test_debug_html.ml&quot;:41:8: z</div></a></div><ul><li><div><div><a href="./debugger_sexp_html.html#19"><div>&quot;test/test_debug_html.ml&quot;:36:24: loop</div></a></div><ul><li><div><div><a href="./debugger_sexp_html.html#20"><div>&quot;test/test_debug_html.ml&quot;:36:24: loop</div></a></div><ul><li><div><div><a href="./debugger_sexp_html.html#21"><div>&quot;test/test_debug_html.ml&quot;:36:24: loop</div></a></div><ul><li><div><a href="./debugger_sexp_html.html#22"><div>&quot;test/test_debug_html.ml&quot;:36:24: loop</div></a></div></li></ul></div></li></ul></div></li></ul></div></li></ul></div></li></ul></div></li></ul></div></li><li><div><div><a href="./debugger_sexp_html.html#23"><div>&quot;test/test_debug_html.ml&quot;:41:8: z</div></a></div><ul><li><div><div><a href="./debugger_sexp_html.html#24"><div>&quot;test/test_debug_html.ml&quot;:36:24: loop</div></a></div><ul><li><div><div><a href="./debugger_sexp_html.html#25"><div>&quot;test/test_debug_html.ml&quot;:40:8: y</div></a></div><ul><li><div><div><a href="./debugger_sexp_html.html#26"><div>&quot;test/test_debug_html.ml&quot;:36:24: loop</div></a></div><ul><li><div><div><a href="./debugger_sexp_html.html#27"><div>&quot;test/test_debug_html.ml&quot;:36:24: loop</div></a></div><ul><li><div><div><a href="./debugger_sexp_html.html#28"><div>&quot;test/test_debug_html.ml&quot;:36:24: loop</div></a></div><ul><li><div><a href="./debugger_sexp_html.html#29"><div>&quot;test/test_debug_html.ml&quot;:36:24: loop</div></a></div></li></ul></div></li></ul></div></li></ul></div></li></ul></div></li><li><div><div><a href="./debugger_sexp_html.html#30"><div>&quot;test/test_debug_html.ml&quot;:41:8: z</div></a></div><ul><li><div><div><a href="./debugger_sexp_html.html#31"><div>&quot;test/test_debug_html.ml&quot;:36:24: loop</div></a></div><ul><li><div><div><a href="./debugger_sexp_html.html#32"><div>&quot;test/test_debug_html.ml&quot;:36:24: loop</div></a></div><ul><li><div><div><a href="./debugger_sexp_html.html#33"><div>&quot;test/test_debug_html.ml&quot;:36:24: loop</div></a></div><ul><li><div><a href="./debugger_sexp_html.html#34"><div>&quot;test/test_debug_html.ml&quot;:36:24: loop</div></a></div></li></ul></div></li></ul></div></li></ul></div></li></ul></div></li></ul></div></li></ul></div></li></ul></div></div>

