
BEGIN DEBUG SESSION 
<div><details><summary><span><span><span><a id="1"></a></span>&nbsp;<span><span style="font-family: monospace">foo = (7 8 16)</span></span></span></span></summary><ul><li><div><a href="../test/test_debug_html.ml#L11"><div>&quot;test/test_debug_html.ml&quot;:11:19</div></a></div></li><li><pre style="font-family: monospace">x = 7</pre></li><li><details><summary><span><span><span><a id="2"></a></span>&nbsp;<span><span style="font-family: monospace">y = 8</span></span></span></span></summary><ul><li><div><a href="../test/test_debug_html.ml#L12"><div>&quot;test/test_debug_html.ml&quot;:12:6</div></a></div></li></ul></details></li></ul></details></div>

<div><details><summary><span><span><span><a id="3"></a></span>&nbsp;<span><span style="font-family: monospace">bar = 336</span></span></span></span></summary><ul><li><div><a href="../test/test_debug_html.ml#L19"><div>&quot;test/test_debug_html.ml&quot;:19:19</div></a></div></li><li><pre style="font-family: monospace">x = ((first 7) (second 42))</pre></li><li><details><summary><span><span><span><a id="4"></a></span>&nbsp;<span><span style="font-family: monospace">y = 8</span></span></span></span></summary><ul><li><div><a href="../test/test_debug_html.ml#L20"><div>&quot;test/test_debug_html.ml&quot;:20:6</div></a></div></li></ul></details></li></ul></details></div>

<div><details><summary><span><span><span><a id="5"></a></span>&nbsp;<span><span style="font-family: monospace">baz = 359</span></span></span></span></summary><ul><li><div><a href="../test/test_debug_html.ml#L25"><div>&quot;test/test_debug_html.ml&quot;:25:19</div></a></div></li><li><pre style="font-family: monospace">x = ((first 7) (second 42))</pre></li><li><details><summary><span><span><span><a id="6"></a></span>&nbsp;<span><span style="font-family: monospace">_yz = (8 3)</span></span></span></span></summary><ul><li><div><a href="../test/test_debug_html.ml#L26"><div>&quot;test/test_debug_html.ml&quot;:26:17</div></a></div></li></ul></details></li><li><details><summary><span><span><span><a id="7"></a></span>&nbsp;<span><span style="font-family: monospace">_uw = (7 13)</span></span></span></span></summary><ul><li><div><a href="../test/test_debug_html.ml#L27"><div>&quot;test/test_debug_html.ml&quot;:27:17</div></a></div></li></ul></details></li></ul></details></div>

<div><details><summary><span><span><span><a id="8"></a></span>&nbsp;<span><span style="font-family: monospace">lab = (7 8 16)</span></span></span></span></summary><ul><li><div><a href="../test/test_debug_html.ml#L32"><div>&quot;test/test_debug_html.ml&quot;:32:19</div></a></div></li><li><pre style="font-family: monospace">x = 7</pre></li><li><details><summary><span><span><span><a id="9"></a></span>&nbsp;<span><span style="font-family: monospace">y = 8</span></span></span></span></summary><ul><li><div><a href="../test/test_debug_html.ml#L33"><div>&quot;test/test_debug_html.ml&quot;:33:6</div></a></div></li></ul></details></li></ul></details></div>

<div><details><summary><span><span><span><a id="10"></a></span>&nbsp;<span><span style="font-family: monospace">loop = 36</span></span></span></span></summary><ul><li><div><a href="../test/test_debug_html.ml#L38"><div>&quot;test/test_debug_html.ml&quot;:38:24</div></a></div></li><li><pre style="font-family: monospace">depth = 0</pre></li><li><pre style="font-family: monospace">x = ((first 7) (second 42))</pre></li><li><details><summary><span><span><span><a id="11"></a></span>&nbsp;<span><span style="font-family: monospace">y = 24</span></span></span></span></summary><ul><li><div><a href="../test/test_debug_html.ml#L42"><div>&quot;test/test_debug_html.ml&quot;:42:8</div></a></div></li><li><details><summary><span><span><span><a id="12"></a></span>&nbsp;<span><span style="font-family: monospace">loop = 24</span></span></span></span></summary><ul><li><div><a href="../test/test_debug_html.ml#L38"><div>&quot;test/test_debug_html.ml&quot;:38:24</div></a></div></li><li><pre style="font-family: monospace">depth = 1</pre></li><li><pre style="font-family: monospace">x = ((first 41) (second 9))</pre></li><li><details><summary><span><span><span><a id="13"></a></span>&nbsp;<span><span style="font-family: monospace">y = 25</span></span></span></span></summary><ul><li><div><a href="../test/test_debug_html.ml#L42"><div>&quot;test/test_debug_html.ml&quot;:42:8</div></a></div></li><li><details><summary><span><span><span><a id="14"></a></span>&nbsp;<span><span style="font-family: monospace">loop = 25</span></span></span></span></summary><ul><li><div><a href="../test/test_debug_html.ml#L38"><div>&quot;test/test_debug_html.ml&quot;:38:24</div></a></div></li><li><pre style="font-family: monospace">depth = 2</pre></li><li><pre style="font-family: monospace">x = ((first 8) (second 43))</pre></li><li><details><summary><span><span><span><a id="15"></a></span>&nbsp;<span><span style="font-family: monospace">loop = 25</span></span></span></span></summary><ul><li><div><a href="../test/test_debug_html.ml#L38"><div>&quot;test/test_debug_html.ml&quot;:38:24</div></a></div></li><li><pre style="font-family: monospace">depth = 3</pre></li><li><pre style="font-family: monospace">x = ((first 44) (second 4))</pre></li><li><details><summary><span><span><span><a id="16"></a></span>&nbsp;<span><span style="font-family: monospace">loop = 25</span></span></span></span></summary><ul><li><div><a href="../test/test_debug_html.ml#L38"><div>&quot;test/test_debug_html.ml&quot;:38:24</div></a></div></li><li><pre style="font-family: monospace">depth = 4</pre></li><li><pre style="font-family: monospace">x = ((first 5) (second 22))</pre></li><li><details><summary><span><span><span><a id="17"></a></span>&nbsp;<span><span style="font-family: monospace">loop = 25</span></span></span></span></summary><ul><li><div><a href="../test/test_debug_html.ml#L38"><div>&quot;test/test_debug_html.ml&quot;:38:24</div></a></div></li><li><pre style="font-family: monospace">depth = 5</pre></li><li><pre style="font-family: monospace">x = ((first 23) (second 2))</pre></li></ul></details></li></ul></details></li></ul></details></li></ul></details></li></ul></details></li><li><details><summary><span><span><span><a id="18"></a></span>&nbsp;<span><span style="font-family: monospace">z = 17</span></span></span></span></summary><ul><li><div><a href="../test/test_debug_html.ml#L43"><div>&quot;test/test_debug_html.ml&quot;:43:8</div></a></div></li><li><details><summary><span><span><span><a id="19"></a></span>&nbsp;<span><span style="font-family: monospace">loop = 17</span></span></span></span></summary><ul><li><div><a href="../test/test_debug_html.ml#L38"><div>&quot;test/test_debug_html.ml&quot;:38:24</div></a></div></li><li><pre style="font-family: monospace">depth = 2</pre></li><li><pre style="font-family: monospace">x = ((first 10) (second 25))</pre></li><li><details><summary><span><span><span><a id="20"></a></span>&nbsp;<span><span style="font-family: monospace">loop = 17</span></span></span></span></summary><ul><li><div><a href="../test/test_debug_html.ml#L38"><div>&quot;test/test_debug_html.ml&quot;:38:24</div></a></div></li><li><pre style="font-family: monospace">depth = 3</pre></li><li><pre style="font-family: monospace">x = ((first 26) (second 5))</pre></li><li><details><summary><span><span><span><a id="21"></a></span>&nbsp;<span><span style="font-family: monospace">loop = 17</span></span></span></span></summary><ul><li><div><a href="../test/test_debug_html.ml#L38"><div>&quot;test/test_debug_html.ml&quot;:38:24</div></a></div></li><li><pre style="font-family: monospace">depth = 4</pre></li><li><pre style="font-family: monospace">x = ((first 6) (second 13))</pre></li><li><details><summary><span><span><span><a id="22"></a></span>&nbsp;<span><span style="font-family: monospace">loop = 17</span></span></span></span></summary><ul><li><div><a href="../test/test_debug_html.ml#L38"><div>&quot;test/test_debug_html.ml&quot;:38:24</div></a></div></li><li><pre style="font-family: monospace">depth = 5</pre></li><li><pre style="font-family: monospace">x = ((first 14) (second 3))</pre></li></ul></details></li></ul></details></li></ul></details></li></ul></details></li></ul></details></li></ul></details></li></ul></details></li><li><details><summary><span><span><span><a id="23"></a></span>&nbsp;<span><span style="font-family: monospace">z = 29</span></span></span></span></summary><ul><li><div><a href="../test/test_debug_html.ml#L43"><div>&quot;test/test_debug_html.ml&quot;:43:8</div></a></div></li><li><details><summary><span><span><span><a id="24"></a></span>&nbsp;<span><span style="font-family: monospace">loop = 29</span></span></span></span></summary><ul><li><div><a href="../test/test_debug_html.ml#L38"><div>&quot;test/test_debug_html.ml&quot;:38:24</div></a></div></li><li><pre style="font-family: monospace">depth = 1</pre></li><li><pre style="font-family: monospace">x = ((first 43) (second 24))</pre></li><li><details><summary><span><span><span><a id="25"></a></span>&nbsp;<span><span style="font-family: monospace">y = 30</span></span></span></span></summary><ul><li><div><a href="../test/test_debug_html.ml#L42"><div>&quot;test/test_debug_html.ml&quot;:42:8</div></a></div></li><li><details><summary><span><span><span><a id="26"></a></span>&nbsp;<span><span style="font-family: monospace">loop = 30</span></span></span></span></summary><ul><li><div><a href="../test/test_debug_html.ml#L38"><div>&quot;test/test_debug_html.ml&quot;:38:24</div></a></div></li><li><pre style="font-family: monospace">depth = 2</pre></li><li><pre style="font-family: monospace">x = ((first 23) (second 45))</pre></li><li><details><summary><span><span><span><a id="27"></a></span>&nbsp;<span><span style="font-family: monospace">loop = 30</span></span></span></span></summary><ul><li><div><a href="../test/test_debug_html.ml#L38"><div>&quot;test/test_debug_html.ml&quot;:38:24</div></a></div></li><li><pre style="font-family: monospace">depth = 3</pre></li><li><pre style="font-family: monospace">x = ((first 46) (second 11))</pre></li><li><details><summary><span><span><span><a id="28"></a></span>&nbsp;<span><span style="font-family: monospace">loop = 30</span></span></span></span></summary><ul><li><div><a href="../test/test_debug_html.ml#L38"><div>&quot;test/test_debug_html.ml&quot;:38:24</div></a></div></li><li><pre style="font-family: monospace">depth = 4</pre></li><li><pre style="font-family: monospace">x = ((first 12) (second 23))</pre></li><li><details><summary><span><span><span><a id="29"></a></span>&nbsp;<span><span style="font-family: monospace">loop = 30</span></span></span></span></summary><ul><li><div><a href="../test/test_debug_html.ml#L38"><div>&quot;test/test_debug_html.ml&quot;:38:24</div></a></div></li><li><pre style="font-family: monospace">depth = 5</pre></li><li><pre style="font-family: monospace">x = ((first 24) (second 6))</pre></li></ul></details></li></ul></details></li></ul></details></li></ul></details></li></ul></details></li><li><details><summary><span><span><span><a id="30"></a></span>&nbsp;<span><span style="font-family: monospace">z = 22</span></span></span></span></summary><ul><li><div><a href="../test/test_debug_html.ml#L43"><div>&quot;test/test_debug_html.ml&quot;:43:8</div></a></div></li><li><details><summary><span><span><span><a id="31"></a></span>&nbsp;<span><span style="font-family: monospace">loop = 22</span></span></span></span></summary><ul><li><div><a href="../test/test_debug_html.ml#L38"><div>&quot;test/test_debug_html.ml&quot;:38:24</div></a></div></li><li><pre style="font-family: monospace">depth = 2</pre></li><li><pre style="font-family: monospace">x = ((first 25) (second 30))</pre></li><li><details><summary><span><span><span><a id="32"></a></span>&nbsp;<span><span style="font-family: monospace">loop = 22</span></span></span></span></summary><ul><li><div><a href="../test/test_debug_html.ml#L38"><div>&quot;test/test_debug_html.ml&quot;:38:24</div></a></div></li><li><pre style="font-family: monospace">depth = 3</pre></li><li><pre style="font-family: monospace">x = ((first 31) (second 12))</pre></li><li><details><summary><span><span><span><a id="33"></a></span>&nbsp;<span><span style="font-family: monospace">loop = 22</span></span></span></span></summary><ul><li><div><a href="../test/test_debug_html.ml#L38"><div>&quot;test/test_debug_html.ml&quot;:38:24</div></a></div></li><li><pre style="font-family: monospace">depth = 4</pre></li><li><pre style="font-family: monospace">x = ((first 13) (second 15))</pre></li><li><details><summary><span><span><span><a id="34"></a></span>&nbsp;<span><span style="font-family: monospace">loop = 22</span></span></span></span></summary><ul><li><div><a href="../test/test_debug_html.ml#L38"><div>&quot;test/test_debug_html.ml&quot;:38:24</div></a></div></li><li><pre style="font-family: monospace">depth = 5</pre></li><li><pre style="font-family: monospace">x = ((first 16) (second 6))</pre></li></ul></details></li></ul></details></li></ul></details></li></ul></details></li></ul></details></li></ul></details></li></ul></details></li></ul></details></div>

