Creating test database with nested structures...
Tree 1: (Node root ((Leaf 1) (Leaf 2) (Node nested ((Leaf 3) (Leaf 4)))))
Tree 2: (Node another ((Leaf 1) (Leaf 2) (Node nested ((Leaf 3) (Leaf 4)))))

Database created: test_highlight_propagation_1.db

Database statistics:
  Total entries: 18
  Total value references: 12
  Unique values: 12
  Deduplication: 0.0%

Trace (values_first_mode):
[debug] create_nested_tree @ test/test_highlight_propagation.ml:12:34-13:70
  [value] create_nested_tree: Node
    root
    [value] Leaf
      1
    [value] Leaf
      2
    [value] Node
      nested
      ((Leaf 3) (Leaf 4))
  name = root
[debug] create_nested_tree @ test/test_highlight_propagation.ml:12:34-13:70
  [value] create_nested_tree: Node
    another
    [value] Leaf
      1
    [value] Leaf
      2
    [value] Node
      nested
      ((Leaf 3) (Leaf 4))
  name = another

SUCCESS: Database with nested structures created and queried successfully.
